This is pdfTeX, Version 3.141592653-2.6-1.40.22 (TeX Live 2022/dev/Debian) (preloaded format=pdflatex 2026.7.12)  9 AUG 2026 10:27
entering extended mode
 restricted \write18 enabled.
 %&-line parsing enabled.
**paper.tex
(./paper.tex
LaTeX2e <2021-11-15> patch level 1
L3 programming layer <2022-01-21>
(/usr/share/texlive/texmf-dist/tex/latex/base/article.cls
Document Class: article 2021/10/04 v1.4n Standard LaTeX document class
(/usr/share/texlive/texmf-dist/tex/latex/base/size11.clo
File: size11.clo 2021/10/04 v1.4n Standard LaTeX file (size option)
)
\c@part=\count185
\c@section=\count186
\c@subsection=\count187
\c@subsubsection=\count188
\c@paragraph=\count189
\c@subparagraph=\count190
\c@figure=\count191
\c@table=\count192
\abovecaptionskip=\skip47
\belowcaptionskip=\skip48
\bibindent=\dimen138
)
(/usr/share/texlive/texmf-dist/tex/latex/geometry/geometry.sty
Package: geometry 2020/01/02 v5.9 Page Geometry

(/usr/share/texlive/texmf-dist/tex/latex/graphics/keyval.sty
Package: keyval 2014/10/28 v1.15 key=value parser (DPC)
\KV@toks@=\toks16
)
(/usr/share/texlive/texmf-dist/tex/generic/iftex/ifvtex.sty
Package: ifvtex 2019/10/25 v1.7 ifvtex legacy package. Use iftex instead.

(/usr/share/texlive/texmf-dist/tex/generic/iftex/iftex.sty
Package: iftex 2020/03/06 v1.0d TeX engine tests
))
\Gm@cnth=\count193
\Gm@cntv=\count194
\c@Gm@tempcnt=\count195
\Gm@bindingoffset=\dimen139
\Gm@wd@mp=\dimen140
\Gm@odd@mp=\dimen141
\Gm@even@mp=\dimen142
\Gm@layoutwidth=\dimen143
\Gm@layoutheight=\dimen144
\Gm@layouthoffset=\dimen145
\Gm@layoutvoffset=\dimen146
\Gm@dimlist=\toks17
)
(/usr/share/texlive/texmf-dist/tex/latex/amsmath/amsmath.sty
Package: amsmath 2021/10/15 v2.17l AMS math features
\@mathmargin=\skip49

For additional information on amsmath, use the `?' option.
(/usr/share/texlive/texmf-dist/tex/latex/amsmath/amstext.sty
Package: amstext 2021/08/26 v2.01 AMS text

(/usr/share/texlive/texmf-dist/tex/latex/amsmath/amsgen.sty
File: amsgen.sty 1999/11/30 v2.0 generic functions
\@emptytoks=\toks18
\ex@=\dimen147
))
(/usr/share/texlive/texmf-dist/tex/latex/amsmath/amsbsy.sty
Package: amsbsy 1999/11/29 v1.2d Bold Symbols
\pmbraise@=\dimen148
)
(/usr/share/texlive/texmf-dist/tex/latex/amsmath/amsopn.sty
Package: amsopn 2021/08/26 v2.02 operator names
)
\inf@bad=\count196
LaTeX Info: Redefining \frac on input line 234.
\uproot@=\count197
\leftroot@=\count198
LaTeX Info: Redefining \overline on input line 399.
\classnum@=\count199
\DOTSCASE@=\count266
LaTeX Info: Redefining \ldots on input line 496.
LaTeX Info: Redefining \dots on input line 499.
LaTeX Info: Redefining \cdots on input line 620.
\Mathstrutbox@=\box50
\strutbox@=\box51
\big@size=\dimen149
LaTeX Font Info:    Redeclaring font encoding OML on input line 743.
LaTeX Font Info:    Redeclaring font encoding OMS on input line 744.
\macc@depth=\count267
\c@MaxMatrixCols=\count268
\dotsspace@=\muskip16
\c@parentequation=\count269
\dspbrk@lvl=\count270
\tag@help=\toks19
\row@=\count271
\column@=\count272
\maxfields@=\count273
\andhelp@=\toks20
\eqnshift@=\dimen150
\alignsep@=\dimen151
\tagshift@=\dimen152
\tagwidth@=\dimen153
\totwidth@=\dimen154
\lineht@=\dimen155
\@envbody=\toks21
\multlinegap=\skip50
\multlinetaggap=\skip51
\mathdisplay@stack=\toks22
LaTeX Info: Redefining \[ on input line 2938.
LaTeX Info: Redefining \] on input line 2939.
)
(/usr/share/texlive/texmf-dist/tex/latex/amsfonts/amssymb.sty
Package: amssymb 2013/01/14 v3.01 AMS font symbols

(/usr/share/texlive/texmf-dist/tex/latex/amsfonts/amsfonts.sty
Package: amsfonts 2013/01/14 v3.01 Basic AMSFonts support
\symAMSa=\mathgroup4
\symAMSb=\mathgroup5
LaTeX Font Info:    Redeclaring math symbol \hbar on input line 98.
LaTeX Font Info:    Overwriting math alphabet `\mathfrak' in version `bold'
(Font)                  U/euf/m/n --> U/euf/b/n on input line 106.
))
(/usr/share/texlive/texmf-dist/tex/latex/amscls/amsthm.sty
Package: amsthm 2020/05/29 v2.20.6
\thm@style=\toks23
\thm@bodyfont=\toks24
\thm@headfont=\toks25
\thm@notefont=\toks26
\thm@headpunct=\toks27
\thm@preskip=\skip52
\thm@postskip=\skip53
\thm@headsep=\skip54
\dth@everypar=\toks28
)
(/usr/share/texlive/texmf-dist/tex/latex/hyperref/hyperref.sty
Package: hyperref 2021-06-07 v7.00m Hypertext links for LaTeX

(/usr/share/texlive/texmf-dist/tex/generic/ltxcmds/ltxcmds.sty
Package: ltxcmds 2020-05-10 v1.25 LaTeX kernel commands for general use (HO)
)
(/usr/share/texlive/texmf-dist/tex/generic/pdftexcmds/pdftexcmds.sty
Package: pdftexcmds 2020-06-27 v0.33 Utility functions of pdfTeX for LuaTeX (HO
)

(/usr/share/texlive/texmf-dist/tex/generic/infwarerr/infwarerr.sty
Package: infwarerr 2019/12/03 v1.5 Providing info/warning/error messages (HO)
)
Package pdftexcmds Info: \pdf@primitive is available.
Package pdftexcmds Info: \pdf@ifprimitive is available.
Package pdftexcmds Info: \pdfdraftmode found.
)
(/usr/share/texlive/texmf-dist/tex/generic/kvsetkeys/kvsetkeys.sty
Package: kvsetkeys 2019/12/15 v1.18 Key value parser (HO)
)
(/usr/share/texlive/texmf-dist/tex/generic/kvdefinekeys/kvdefinekeys.sty
Package: kvdefinekeys 2019-12-19 v1.6 Define keys (HO)
)
(/usr/share/texlive/texmf-dist/tex/generic/pdfescape/pdfescape.sty
Package: pdfescape 2019/12/09 v1.15 Implements pdfTeX's escape features (HO)
)
(/usr/share/texlive/texmf-dist/tex/latex/hycolor/hycolor.sty
Package: hycolor 2020-01-27 v1.10 Color options for hyperref/bookmark (HO)
)
(/usr/share/texlive/texmf-dist/tex/latex/letltxmacro/letltxmacro.sty
Package: letltxmacro 2019/12/03 v1.6 Let assignment for LaTeX macros (HO)
)
(/usr/share/texlive/texmf-dist/tex/latex/auxhook/auxhook.sty
Package: auxhook 2019-12-17 v1.6 Hooks for auxiliary files (HO)
)
(/usr/share/texlive/texmf-dist/tex/latex/kvoptions/kvoptions.sty
Package: kvoptions 2020-10-07 v3.14 Key value format for package options (HO)
)
\@linkdim=\dimen156
\Hy@linkcounter=\count274
\Hy@pagecounter=\count275

(/usr/share/texlive/texmf-dist/tex/latex/hyperref/pd1enc.def
File: pd1enc.def 2021-06-07 v7.00m Hyperref: PDFDocEncoding definition (HO)
Now handling font encoding PD1 ...
... no UTF-8 mapping file for font encoding PD1
)
(/usr/share/texlive/texmf-dist/tex/latex/hyperref/hyperref-langpatches.def
File: hyperref-langpatches.def 2021-06-07 v7.00m Hyperref: patches for babel la
nguages
)
(/usr/share/texlive/texmf-dist/tex/generic/intcalc/intcalc.sty
Package: intcalc 2019/12/15 v1.3 Expandable calculations with integers (HO)
)
(/usr/share/texlive/texmf-dist/tex/generic/etexcmds/etexcmds.sty
Package: etexcmds 2019/12/15 v1.7 Avoid name clashes with e-TeX commands (HO)
)
\Hy@SavedSpaceFactor=\count276

(/usr/share/texlive/texmf-dist/tex/latex/hyperref/puenc.def
File: puenc.def 2021-06-07 v7.00m Hyperref: PDF Unicode definition (HO)
Now handling font encoding PU ...
... no UTF-8 mapping file for font encoding PU
)
Package hyperref Info: Hyper figures OFF on input line 4192.
Package hyperref Info: Link nesting OFF on input line 4197.
Package hyperref Info: Hyper index ON on input line 4200.
Package hyperref Info: Plain pages OFF on input line 4207.
Package hyperref Info: Backreferencing OFF on input line 4212.
Package hyperref Info: Implicit mode ON; LaTeX internals redefined.
Package hyperref Info: Bookmarks ON on input line 4445.
\c@Hy@tempcnt=\count277

(/usr/share/texlive/texmf-dist/tex/latex/url/url.sty
\Urlmuskip=\muskip17
Package: url 2013/09/16  ver 3.4  Verb mode for urls, etc.
)
LaTeX Info: Redefining \url on input line 4804.
\XeTeXLinkMargin=\dimen157

(/usr/share/texlive/texmf-dist/tex/generic/bitset/bitset.sty
Package: bitset 2019/12/09 v1.3 Handle bit-vector datatype (HO)

(/usr/share/texlive/texmf-dist/tex/generic/bigintcalc/bigintcalc.sty
Package: bigintcalc 2019/12/15 v1.5 Expandable calculations on big integers (HO
)
))
\Fld@menulength=\count278
\Field@Width=\dimen158
\Fld@charsize=\dimen159
Package hyperref Info: Hyper figures OFF on input line 6076.
Package hyperref Info: Link nesting OFF on input line 6081.
Package hyperref Info: Hyper index ON on input line 6084.
Package hyperref Info: backreferencing OFF on input line 6091.
Package hyperref Info: Link coloring OFF on input line 6096.
Package hyperref Info: Link coloring with OCG OFF on input line 6101.
Package hyperref Info: PDF/A mode OFF on input line 6106.
LaTeX Info: Redefining \ref on input line 6146.
LaTeX Info: Redefining \pageref on input line 6150.

(/usr/share/texlive/texmf-dist/tex/latex/base/atbegshi-ltx.sty
Package: atbegshi-ltx 2021/01/10 v1.0c Emulation of the original atbegshi
package with kernel methods
)
\Hy@abspage=\count279
\c@Item=\count280
\c@Hfootnote=\count281
)
Package hyperref Info: Driver (autodetected): hpdftex.

(/usr/share/texlive/texmf-dist/tex/latex/hyperref/hpdftex.def
File: hpdftex.def 2021-06-07 v7.00m Hyperref driver for pdfTeX

(/usr/share/texlive/texmf-dist/tex/latex/base/atveryend-ltx.sty
Package: atveryend-ltx 2020/08/19 v1.0a Emulation of the original atveryend pac
kage
with kernel methods
)
\Fld@listcount=\count282
\c@bookmark@seq@number=\count283

(/usr/share/texlive/texmf-dist/tex/latex/rerunfilecheck/rerunfilecheck.sty
Package: rerunfilecheck 2019/12/05 v1.9 Rerun checks for auxiliary files (HO)

(/usr/share/texlive/texmf-dist/tex/generic/uniquecounter/uniquecounter.sty
Package: uniquecounter 2019/12/15 v1.4 Provide unlimited unique counter (HO)
)
Package uniquecounter Info: New unique counter `rerunfilecheck' on input line 2
86.
)
\Hy@SectionHShift=\skip55
)
(/usr/share/texlive/texmf-dist/tex/latex/enumitem/enumitem.sty
Package: enumitem 2019/06/20 v3.9 Customized lists
\labelindent=\skip56
\enit@outerparindent=\dimen160
\enit@toks=\toks29
\enit@inbox=\box52
\enit@count@id=\count284
\enitdp@description=\count285
)
\c@theorem=\count286

(/usr/share/texlive/texmf-dist/tex/latex/l3backend/l3backend-pdftex.def
File: l3backend-pdftex.def 2022-01-12 L3 backend support: PDF output (pdfTeX)
\l__color_backend_stack_int=\count287
\l__pdf_internal_box=\box53
)
(./paper.aux)
\openout1 = `paper.aux'.

LaTeX Font Info:    Checking defaults for OML/cmm/m/it on input line 22.
LaTeX Font Info:    ... okay on input line 22.
LaTeX Font Info:    Checking defaults for OMS/cmsy/m/n on input line 22.
LaTeX Font Info:    ... okay on input line 22.
LaTeX Font Info:    Checking defaults for OT1/cmr/m/n on input line 22.
LaTeX Font Info:    ... okay on input line 22.
LaTeX Font Info:    Checking defaults for T1/cmr/m/n on input line 22.
LaTeX Font Info:    ... okay on input line 22.
LaTeX Font Info:    Checking defaults for TS1/cmr/m/n on input line 22.
LaTeX Font Info:    ... okay on input line 22.
LaTeX Font Info:    Checking defaults for OMX/cmex/m/n on input line 22.
LaTeX Font Info:    ... okay on input line 22.
LaTeX Font Info:    Checking defaults for U/cmr/m/n on input line 22.
LaTeX Font Info:    ... okay on input line 22.
LaTeX Font Info:    Checking defaults for PD1/pdf/m/n on input line 22.
LaTeX Font Info:    ... okay on input line 22.
LaTeX Font Info:    Checking defaults for PU/pdf/m/n on input line 22.
LaTeX Font Info:    ... okay on input line 22.

*geometry* driver: auto-detecting
*geometry* detected driver: pdftex
*geometry* verbose mode - [ preamble ] result:
* driver: pdftex
* paper: <default>
* layout: <same size as paper>
* layoutoffset:(h,v)=(0.0pt,0.0pt)
* modes: 
* h-part:(L,W,R)=(72.26999pt, 469.75502pt, 72.26999pt)
* v-part:(T,H,B)=(72.26999pt, 650.43001pt, 72.26999pt)
* \paperwidth=614.295pt
* \paperheight=794.96999pt
* \textwidth=469.75502pt
* \textheight=650.43001pt
* \oddsidemargin=0.0pt
* \evensidemargin=0.0pt
* \topmargin=-37.0pt
* \headheight=12.0pt
* \headsep=25.0pt
* \topskip=11.0pt
* \footskip=30.0pt
* \marginparwidth=59.0pt
* \marginparsep=10.0pt
* \columnsep=10.0pt
* \skip\footins=10.0pt plus 4.0pt minus 2.0pt
* \hoffset=0.0pt
* \voffset=0.0pt
* \mag=1000
* \@twocolumnfalse
* \@twosidefalse
* \@mparswitchfalse
* \@reversemarginfalse
* (1in=72.27pt=25.4mm, 1cm=28.453pt)

Package hyperref Info: Link coloring OFF on input line 22.
(/usr/share/texlive/texmf-dist/tex/latex/hyperref/nameref.sty
Package: nameref 2021-04-02 v2.47 Cross-referencing by name of section

(/usr/share/texlive/texmf-dist/tex/latex/refcount/refcount.sty
Package: refcount 2019/12/15 v3.6 Data extraction from label references (HO)
)
(/usr/share/texlive/texmf-dist/tex/generic/gettitlestring/gettitlestring.sty
Package: gettitlestring 2019/12/15 v1.6 Cleanup title references (HO)
)
\c@section@level=\count288
)
LaTeX Info: Redefining \ref on input line 22.
LaTeX Info: Redefining \pageref on input line 22.
LaTeX Info: Redefining \nameref on input line 22.

(./paper.out) (./paper.out)
\@outlinefile=\write3
\openout3 = `paper.out'.

LaTeX Font Info:    Trying to load font information for U+msa on input line 24.


(/usr/share/texlive/texmf-dist/tex/latex/amsfonts/umsa.fd
File: umsa.fd 2013/01/14 v3.01 AMS symbols A
)
LaTeX Font Info:    Trying to load font information for U+msb on input line 24.


(/usr/share/texlive/texmf-dist/tex/latex/amsfonts/umsb.fd
File: umsb.fd 2013/01/14 v3.01 AMS symbols B
) [1

{/var/lib/texmf/fonts/map/pdftex/updmap/pdftex.map}]
Underfull \hbox (badness 1565) in paragraph at lines 49--50
\OT1/cmr/m/n/10.95 convergence route over regular-sequence pre-sented re-als an
d an ex-plic-itly quan-ti-fied
 []

[2] [3] [4] [5] [6] [7] [8] [9] [10] [11]
Underfull \hbox (badness 1496) in paragraph at lines 345--346
\OT1/cmr/m/n/10.95 This in-cludes $\OT1/cmtt/m/n/10.95 dominated _ convergence 
_ from _ pointwise _ majorant _ on _ full _ data _ autoC$ \OT1/cmr/m/n/10.95 an
d
 []


Underfull \hbox (badness 6332) in paragraph at lines 362--364
\OT1/cmr/m/n/10.95 implemented by \OT1/cmtt/m/n/10.95 BishopSec3P.lemma43Unifor
mComplementData[]of[]majorantC\OT1/cmr/m/n/10.95 ; the vari-ant
 []


Underfull \hbox (badness 6792) in paragraph at lines 362--364
\OT1/cmr/m/n/10.95 si-tion []5.4[], is $\OT1/cmtt/m/n/10.95 lemma43UniformCompl
ementData _ of _ majorantOnFullDataC$\OT1/cmr/m/n/10.95 . Lemma []5.3[]
 []


Underfull \hbox (badness 10000) in paragraph at lines 362--364
\OT1/cmr/m/n/10.95 is for-mal-ized as $\OT1/cmtt/m/n/10.95 thm36B1 _ exists _ a
part _ in _ interval$ \OT1/cmr/m/n/10.95 and $\OT1/cmtt/m/n/10.95 thm36B1 _ apa
rt _ data$\OT1/cmr/m/n/10.95 : the
 []


Underfull \hbox (badness 3492) in paragraph at lines 362--364
\OT1/cmr/m/n/10.95 data-valued nested-interval step, the in-ter-val se-quence, 
mono-tonic-ity of the end-points,
 []


Underfull \hbox (badness 1043) in paragraph at lines 362--364
\OT1/cmr/m/n/10.95 width shrink-age, Cauchy data for the left end-points, and t
he lim-it-ing apart point; and
 []


Underfull \hbox (badness 1062) in paragraph at lines 362--364
\OT1/cmtt/m/n/10.95 lemma _ 4 _ 3 _ A _ n _ apart _ data$ \OT1/cmr/m/n/10.95 su
p-plies the re-sult-ing ad-mis-si-ble thresh-old to Propo-si-tion []5.4[].
 []


Underfull \hbox (badness 1057) in paragraph at lines 362--364
\OT1/cmr/m/n/10.95 Step (4) of the proof in Sec-tion []6[] is $\OT1/cmtt/m/n/10
.95 lemma _ 4 _ 14 _ local _ two _ epsilonC$\OT1/cmr/m/n/10.95 , and step (5) i
s
 []

[12] [13] [14] [15] [16] [17] [18]
Underfull \hbox (badness 1365) in paragraph at lines 475--476
\OT1/cmr/m/n/10.95 math-e-mat-i-cal read-ing in-ter-face $\OT1/cmtt/m/n/10.95 M
athdemo . MathematicalInterface$\OT1/cmr/m/n/10.95 , the Def-i-ni-tion 1.1
 []

[19] [20]
Underfull \hbox (badness 3250) in paragraph at lines 521--521
[]\OT1/cmr/m/n/10 D source \TS1/cmr/m/n/10 §\OT1/cmr/m/n/10 4 mea-sur-able func
-tions
 []

[21] [22] [23] [24] [25]
Underfull \hbox (badness 10000) in paragraph at lines 661--661
[]\OT1/cmr/m/n/10 Definitions 2.1,
 []


Underfull \hbox (badness 1210) in paragraph at lines 667--668
[]\OT1/cmr/m/n/10 the for-mal-ized state-ment re-turns
 []


Underfull \hbox (badness 10000) in paragraph at lines 670--670
[]\OT1/cmr/m/n/10 hypotheses of
 []


Underfull \hbox (badness 10000) in paragraph at lines 670--670
\OT1/cmr/m/n/10 Lemma 4.14 $+$
 []


Underfull \hbox (badness 10000) in paragraph at lines 670--670
\OT1/cmr/m/n/10 con-struc-tion of
 []


Underfull \hbox (badness 1748) in paragraph at lines 670--671
[]\OT1/cmr/m/n/10 returns $(\OML/cmm/m/it/10 A; N; ^^N\OT1/cmr/m/n/10 )$ as dat
a; repa-
 []


Underfull \hbox (badness 2181) in paragraph at lines 670--671
\OT1/cmr/m/n/10 ram-e-ter-i-za-tion $\OML/cmm/m/it/10 B \OT1/cmr/m/n/10 := \OMS
/cmsy/m/n/10 ^^@\OML/cmm/m/it/10 C$ \OT1/cmr/m/n/10 (Ap-
 []


Underfull \hbox (badness 3635) in paragraph at lines 671--671
[]\OT1/cmr/m/n/10 Proof step (4),
 []


Overfull \hbox (1.02876pt too wide) in paragraph at lines 655--675
 [] 
 []

[26]
Underfull \hbox (badness 10000) in paragraph at lines 705--705
[]$\OT1/cmtt/m/n/10 bishop _ cheng _ dominated _
 []


Underfull \hbox (badness 10000) in paragraph at lines 707--707
[]$\OT1/cmtt/m/n/10 profile _ level _ sets _ integrable _
 []


Underfull \hbox (badness 10000) in paragraph at lines 710--710
[]$\OT1/cmtt/m/n/10 uniform _ complement _ from _ profile _
 []


Underfull \hbox (badness 10000) in paragraph at lines 710--711
[]$\OT1/cmtt/m/n/10 lemma43UniformComplementData _ of _
 []


Underfull \hbox (badness 10000) in paragraph at lines 711--712
[]$\OT1/cmtt/m/n/10 lemma43UniformComplementData _ of _
 []


Underfull \hbox (badness 10000) in paragraph at lines 713--713
[]\OT1/cmr/m/n/10 Proof step (2),
 []


Underfull \hbox (badness 10000) in paragraph at lines 715--716
[]$\OT1/cmtt/m/n/10 integral _ diff _ lt _ of _ abs _ error _
 []

[27] [28] [29] [30] [31] [32] [33]

Package hyperref Warning: Token not allowed in a PDF string (Unicode):
(hyperref)                removing `math shift' on input line 968.


Package hyperref Warning: Token not allowed in a PDF string (Unicode):
(hyperref)                removing `math shift' on input line 968.


Package hyperref Warning: Token not allowed in a PDF string (Unicode):
(hyperref)                removing `math shift' on input line 968.


Package hyperref Warning: Token not allowed in a PDF string (Unicode):
(hyperref)                removing `math shift' on input line 968.

[34] [35]
Underfull \hbox (badness 10000) in paragraph at lines 1066--1066
[]\OT1/cmr/m/n/10 The four clauses of Def-i-ni-tion 1.1;
 []


Underfull \hbox (badness 10000) in paragraph at lines 1068--1068
[]\OT1/cmr/m/n/10 known (Bishop,
 []


Overfull \hbox (3.1137pt too wide) in paragraph at lines 1062--1073
 [] 
 []


Underfull \hbox (badness 10000) in paragraph at lines 1082--1082
[]\OT1/cmr/m/n/10 Two-point cut with a mar-gin (Ap-
 []


Overfull \hbox (3.1137pt too wide) in paragraph at lines 1078--1091
 [] 
 []

[36]
Underfull \hbox (badness 1478) in paragraph at lines 1100--1100
[]\OT1/cmr/m/n/10 Analysis of the trun-ca-tion clause (Ap-
 []


Underfull \hbox (badness 10000) in paragraph at lines 1100--1100
[]\OT1/cmr/m/n/10 observation
 []


Underfull \hbox (badness 10000) in paragraph at lines 1100--1100
\OT1/cmr/m/n/10 (v0.3.0), re-
 []


Underfull \hbox (badness 10000) in paragraph at lines 1100--1101
\OT1/cmr/m/n/10 in-com-pa-ra-bil-ity of the pre-repair
 []


Underfull \hbox (badness 10000) in paragraph at lines 1101--1101
[]\OT1/cmr/m/n/10 new re-sult of
 []


Underfull \hbox (badness 10000) in paragraph at lines 1102--1102
[]\OT1/cmr/m/n/10 methodological
 []


Underfull \hbox (badness 1902) in paragraph at lines 1102--1103
[]\OT1/cmr/m/n/10 an ex-is-ten-tial propo-si-tion does not
 []


Overfull \hbox (3.1137pt too wide) in paragraph at lines 1096--1106
 [] 
 []

[37] [38] [39] [40] [41] [42] (./paper.aux)
Package rerunfilecheck Info: File `paper.out' has not changed.
(rerunfilecheck)             Checksum: 4FBB1DD273B3080758A0C234741DE447;10518.
 ) 
Here is how much of TeX's memory you used:
 9844 strings out of 479727
 151034 string characters out of 5884998
 463416 words of memory out of 5000000
 27623 multiletter control sequences out of 15000+600000
 485600 words of font info for 90 fonts, out of 8000000 for 9000
 264 hyphenation exceptions out of 8191
 60i,12n,63p,2085b,557s stack positions out of 5000i,500n,10000p,200000b,80000s
 </home/toshi/.texlive2021/texmf-var/fonts/pk/ljfour/jknappen/ec/tcrm1000.600
pk> </home/toshi/.texlive2021/texmf-var/fonts/pk/ljfour/jknappen/ec/tcrm1095.60
0pk></usr/share/texlive/texmf-dist/fonts/type1/public/amsfonts/cm/cmbsy10.pfb><
/usr/share/texlive/texmf-dist/fonts/type1/public/amsfonts/cm/cmbx10.pfb></usr/s
hare/texlive/texmf-dist/fonts/type1/public/amsfonts/cm/cmbx12.pfb></usr/share/t
exlive/texmf-dist/fonts/type1/public/amsfonts/cm/cmbx8.pfb></usr/share/texlive/
texmf-dist/fonts/type1/public/amsfonts/cm/cmex10.pfb></usr/share/texlive/texmf-
dist/fonts/type1/public/amsfonts/cm/cmitt10.pfb></usr/share/texlive/texmf-dist/
fonts/type1/public/amsfonts/cm/cmmi10.pfb></usr/share/texlive/texmf-dist/fonts/
type1/public/amsfonts/cm/cmmi12.pfb></usr/share/texlive/texmf-dist/fonts/type1/
public/amsfonts/cm/cmmi6.pfb></usr/share/texlive/texmf-dist/fonts/type1/public/
amsfonts/cm/cmmi8.pfb></usr/share/texlive/texmf-dist/fonts/type1/public/amsfont
s/cm/cmr10.pfb></usr/share/texlive/texmf-dist/fonts/type1/public/amsfonts/cm/cm
r12.pfb></usr/share/texlive/texmf-dist/fonts/type1/public/amsfonts/cm/cmr17.pfb
></usr/share/texlive/texmf-dist/fonts/type1/public/amsfonts/cm/cmr6.pfb></usr/s
hare/texlive/texmf-dist/fonts/type1/public/amsfonts/cm/cmr7.pfb></usr/share/tex
live/texmf-dist/fonts/type1/public/amsfonts/cm/cmr8.pfb></usr/share/texlive/tex
mf-dist/fonts/type1/public/amsfonts/cm/cmsy10.pfb></usr/share/texlive/texmf-dis
t/fonts/type1/public/amsfonts/cm/cmsy7.pfb></usr/share/texlive/texmf-dist/fonts
/type1/public/amsfonts/cm/cmsy8.pfb></usr/share/texlive/texmf-dist/fonts/type1/
public/amsfonts/cm/cmti10.pfb></usr/share/texlive/texmf-dist/fonts/type1/public
/amsfonts/cm/cmtt10.pfb></usr/share/texlive/texmf-dist/fonts/type1/public/amsfo
nts/symbols/msbm10.pfb>
Output written on paper.pdf (42 pages, 462333 bytes).
PDF statistics:
 979 PDF objects out of 1000 (max. 8388607)
 879 compressed objects within 9 object streams
 204 named destinations out of 1000 (max. 500000)
 353 words of extra memory for PDF output out of 10000 (max. 10000000)

